src/components/campaigns/CampaignManager.tsx(9,5): error TS6133: 'Tag' is declared but its value is never read.
src/components/campaigns/CampaignManager.tsx(28,5): error TS6133: 'DialogTrigger' is declared but its value is never read.
src/components/campaigns/CampaignManager.tsx(38,1): error TS6192: All imports in import declaration are unused.
src/pages/SalesMenuPage.tsx(518,49): error TS2322: Type 'null' is not assignable to type 'string | undefined'.
