src/middleware/auth.ts(3,22): error TS7016: Could not find a declaration file for module '../db'. 'D:/Personal_Project/GG_Esnaf/src/db.js' implicitly has an 'any' type.
src/routes/auth.ts(3,22): error TS7016: Could not find a declaration file for module '../db'. 'D:/Personal_Project/GG_Esnaf/src/db.js' implicitly has an 'any' type.
